/opt/Tool/gcc-9.5.0/lib/gcc/x86_64-pc-linux-gnu/9.5.0/../../../../x86_64-pc-linux-gnu/bin/ld: /opt/Synopsys/verdi/Y-2026.03-SP2/share/FsdbReader/linux64/libnffr.so: undefined reference to `sysGetMainThreadId'
/opt/Tool/gcc-9.5.0/lib/gcc/x86_64-pc-linux-gnu/9.5.0/../../../../x86_64-pc-linux-gnu/bin/ld: /opt/Synopsys/verdi/Y-2026.03-SP2/share/FsdbReader/linux64/libnffr.so: undefined reference to `UItoUint2'
/opt/Tool/gcc-9.5.0/lib/gcc/x86_64-pc-linux-gnu/9.5.0/../../../../x86_64-pc-linux-gnu/bin/ld: /opt/Synopsys/verdi/Y-2026.03-SP2/share/FsdbReader/linux64/libnffr.so: undefined reference to `rcFile::getValues(char const*, char const*, int*, char***, char, char, char)'
/opt/Tool/gcc-9.5.0/lib/gcc/x86_64-pc-linux-gnu/9.5.0/../../../../x86_64-pc-linux-gnu/bin/ld: /opt/Synopsys/verdi/Y-2026.03-SP2/share/FsdbReader/linux64/libnffr.so: undefined reference to `ui2a'
/opt/Tool/gcc-9.5.0/lib/gcc/x86_64-pc-linux-gnu/9.5.0/../../../../x86_64-pc-linux-gnu/bin/ld: /opt/Synopsys/verdi/Y-2026.03-SP2/share/FsdbReader/linux64/libnffr.so: undefined reference to `sysSetMainThreadId'
/opt/Tool/gcc-9.5.0/lib/gcc/x86_64-pc-linux-gnu/9.5.0/../../../../x86_64-pc-linux-gnu/bin/ld: /opt/Synopsys/verdi/Y-2026.03-SP2/share/FsdbReader/linux64/libnffr.so: undefined reference to `sysCorrectDelm'
/opt/Tool/gcc-9.5.0/lib/gcc/x86_64-pc-linux-gnu/9.5.0/../../../../x86_64-pc-linux-gnu/bin/ld: /opt/Synopsys/verdi/Y-2026.03-SP2/share/FsdbReader/linux64/libnffr.so: undefined reference to `sysLock'
/opt/Tool/gcc-9.5.0/lib/gcc/x86_64-pc-linux-gnu/9.5.0/../../../../x86_64-pc-linux-gnu/bin/ld: /opt/Synopsys/verdi/Y-2026.03-SP2/share/FsdbReader/linux64/libnffr.so: undefined reference to `prodCnlIdent'
/opt/Tool/gcc-9.5.0/lib/gcc/x86_64-pc-linux-gnu/9.5.0/../../../../x86_64-pc-linux-gnu/bin/ld: /opt/Synopsys/verdi/Y-2026.03-SP2/share/FsdbReader/linux64/libnffr.so: undefined reference to `sysThrCntMgr_C::ThreadCnt(sysThrCntMgr_C::DBtype_E)'
/opt/Tool/gcc-9.5.0/lib/gcc/x86_64-pc-linux-gnu/9.5.0/../../../../x86_64-pc-linux-gnu/bin/ld: /opt/Synopsys/verdi/Y-2026.03-SP2/share/FsdbReader/linux64/libnffr.so: undefined reference to `msgAskUser3Hook'
/opt/Tool/gcc-9.5.0/lib/gcc/x86_64-pc-linux-gnu/9.5.0/../../../../x86_64-pc-linux-gnu/bin/ld: /opt/Synopsys/verdi/Y-2026.03-SP2/share/FsdbReader/linux64/libnffr.so: undefined reference to `sysAU'
/opt/Tool/gcc-9.5.0/lib/gcc/x86_64-pc-linux-gnu/9.5.0/../../../../x86_64-pc-linux-gnu/bin/ld: /opt/Synopsys/verdi/Y-2026.03-SP2/share/FsdbReader/linux64/libnffr.so: undefined reference to `sysGetEnv'
/opt/Tool/gcc-9.5.0/lib/gcc/x86_64-pc-linux-gnu/9.5.0/../../../../x86_64-pc-linux-gnu/bin/ld: /opt/Synopsys/verdi/Y-2026.03-SP2/share/FsdbReader/linux64/libnffr.so: undefined reference to `sysv_vc_lic_wait'
/opt/Tool/gcc-9.5.0/lib/gcc/x86_64-pc-linux-gnu/9.5.0/../../../../x86_64-pc-linux-gnu/bin/ld: /opt/Synopsys/verdi/Y-2026.03-SP2/share/FsdbReader/linux64/libnffr.so: undefined reference to `sysTimeProfilePop'
/opt/Tool/gcc-9.5.0/lib/gcc/x86_64-pc-linux-gnu/9.5.0/../../../../x86_64-pc-linux-gnu/bin/ld: /opt/Synopsys/verdi/Y-2026.03-SP2/share/FsdbReader/linux64/libnffr.so: undefined reference to `sysBusyGetUserAbort'
/opt/Tool/gcc-9.5.0/lib/gcc/x86_64-pc-linux-gnu/9.5.0/../../../../x86_64-pc-linux-gnu/bin/ld: /opt/Synopsys/verdi/Y-2026.03-SP2/share/FsdbReader/linux64/libnffr.so: undefined reference to `sysInitArena_r'
/opt/Tool/gcc-9.5.0/lib/gcc/x86_64-pc-linux-gnu/9.5.0/../../../../x86_64-pc-linux-gnu/bin/ld: /opt/Synopsys/verdi/Y-2026.03-SP2/share/FsdbReader/linux64/libnffr.so: undefined reference to `sysHTConstruct'
/opt/Tool/gcc-9.5.0/lib/gcc/x86_64-pc-linux-gnu/9.5.0/../../../../x86_64-pc-linux-gnu/bin/ld: /opt/Synopsys/verdi/Y-2026.03-SP2/share/FsdbReader/linux64/libnffr.so: undefined reference to `sysOpenDir'
/opt/Tool/gcc-9.5.0/lib/gcc/x86_64-pc-linux-gnu/9.5.0/../../../../x86_64-pc-linux-gnu/bin/ld: /opt/Synopsys/verdi/Y-2026.03-SP2/share/FsdbReader/linux64/libnffr.so: undefined reference to `rcFile::getInt(char*, char*, int*)'
/opt/Tool/gcc-9.5.0/lib/gcc/x86_64-pc-linux-gnu/9.5.0/../../../../x86_64-pc-linux-gnu/bin/ld: /opt/Synopsys/verdi/Y-2026.03-SP2/share/FsdbReader/linux64/libnffr.so: undefined reference to `sysPopCmdProfile'
/opt/Tool/gcc-9.5.0/lib/gcc/x86_64-pc-linux-gnu/9.5.0/../../../../x86_64-pc-linux-gnu/bin/ld: /opt/Synopsys/verdi/Y-2026.03-SP2/share/FsdbReader/linux64/libnffr.so: undefined reference to `sysENV_LICENSE_NO_LOG'
/opt/Tool/gcc-9.5.0/lib/gcc/x86_64-pc-linux-gnu/9.5.0/../../../../x86_64-pc-linux-gnu/bin/ld: /opt/Synopsys/verdi/Y-2026.03-SP2/share/FsdbReader/linux64/libnffr.so: undefined reference to `sysHashInsert'
/opt/Tool/gcc-9.5.0/lib/gcc/x86_64-pc-linux-gnu/9.5.0/../../../../x86_64-pc-linux-gnu/bin/ld: /opt/Synopsys/verdi/Y-2026.03-SP2/share/FsdbReader/linux64/libnffr.so: undefined reference to `msgAskUser2Hook'
/opt/Tool/gcc-9.5.0/lib/gcc/x86_64-pc-linux-gnu/9.5.0/../../../../x86_64-pc-linux-gnu/bin/ld: /opt/Synopsys/verdi/Y-2026.03-SP2/share/FsdbReader/linux64/libnffr.so: undefined reference to `sysLicQueueDisplayTrap'
/opt/Tool/gcc-9.5.0/lib/gcc/x86_64-pc-linux-gnu/9.5.0/../../../../x86_64-pc-linux-gnu/bin/ld: /opt/Synopsys/verdi/Y-2026.03-SP2/share/FsdbReader/linux64/libnffr.so: undefined reference to `sysGetPoolMemInfo'
/opt/Tool/gcc-9.5.0/lib/gcc/x86_64-pc-linux-gnu/9.5.0/../../../../x86_64-pc-linux-gnu/bin/ld: /opt/Synopsys/verdi/Y-2026.03-SP2/share/FsdbReader/linux64/libnffr.so: undefined reference to `usub'
/opt/Tool/gcc-9.5.0/lib/gcc/x86_64-pc-linux-gnu/9.5.0/../../../../x86_64-pc-linux-gnu/bin/ld: /opt/Synopsys/verdi/Y-2026.03-SP2/share/FsdbReader/linux64/libnffr.so: undefined reference to `sysThrMgrInit'
/opt/Tool/gcc-9.5.0/lib/gcc/x86_64-pc-linux-gnu/9.5.0/../../../../x86_64-pc-linux-gnu/bin/ld: /opt/Synopsys/verdi/Y-2026.03-SP2/share/FsdbReader/linux64/libnffr.so: undefined reference to `sysvLTmode'
/opt/Tool/gcc-9.5.0/lib/gcc/x86_64-pc-linux-gnu/9.5.0/../../../../x86_64-pc-linux-gnu/bin/ld: /opt/Synopsys/verdi/Y-2026.03-SP2/share/FsdbReader/linux64/libnffr.so: undefined reference to `sysCnlAssert'
/opt/Tool/gcc-9.5.0/lib/gcc/x86_64-pc-linux-gnu/9.5.0/../../../../x86_64-pc-linux-gnu/bin/ld: /opt/Synopsys/verdi/Y-2026.03-SP2/share/FsdbReader/linux64/libnffr.so: undefined reference to `sysAssert'
/opt/Tool/gcc-9.5.0/lib/gcc/x86_64-pc-linux-gnu/9.5.0/../../../../x86_64-pc-linux-gnu/bin/ld: /opt/Synopsys/verdi/Y-2026.03-SP2/share/FsdbReader/linux64/libnffr.so: undefined reference to `sysRealloc_r'
/opt/Tool/gcc-9.5.0/lib/gcc/x86_64-pc-linux-gnu/9.5.0/../../../../x86_64-pc-linux-gnu/bin/ld: /opt/Synopsys/verdi/Y-2026.03-SP2/share/FsdbReader/linux64/libnffr.so: undefined reference to `ffCmpGetOutBuf'
/opt/Tool/gcc-9.5.0/lib/gcc/x86_64-pc-linux-gnu/9.5.0/../../../../x86_64-pc-linux-gnu/bin/ld: /opt/Synopsys/verdi/Y-2026.03-SP2/share/FsdbReader/linux64/libnffr.so: undefined reference to `sysvInAbort'
/opt/Tool/gcc-9.5.0/lib/gcc/x86_64-pc-linux-gnu/9.5.0/../../../../x86_64-pc-linux-gnu/bin/ld: /opt/Synopsys/verdi/Y-2026.03-SP2/share/FsdbReader/linux64/libnffr.so: undefined reference to `ffPermStrAllocHT'
/opt/Tool/gcc-9.5.0/lib/gcc/x86_64-pc-linux-gnu/9.5.0/../../../../x86_64-pc-linux-gnu/bin/ld: /opt/Synopsys/verdi/Y-2026.03-SP2/share/FsdbReader/linux64/libnffr.so: undefined reference to `sysFileStat'
/opt/Tool/gcc-9.5.0/lib/gcc/x86_64-pc-linux-gnu/9.5.0/../../../../x86_64-pc-linux-gnu/bin/ld: /opt/Synopsys/verdi/Y-2026.03-SP2/share/FsdbReader/linux64/libnffr.so: undefined reference to `sysvLicUpwardSwitch'
/opt/Tool/gcc-9.5.0/lib/gcc/x86_64-pc-linux-gnu/9.5.0/../../../../x86_64-pc-linux-gnu/bin/ld: /opt/Synopsys/verdi/Y-2026.03-SP2/share/FsdbReader/linux64/libnffr.so: undefined reference to `rcFile::getSections(int*, char***)'
/opt/Tool/gcc-9.5.0/lib/gcc/x86_64-pc-linux-gnu/9.5.0/../../../../x86_64-pc-linux-gnu/bin/ld: /opt/Synopsys/verdi/Y-2026.03-SP2/share/FsdbReader/linux64/libnffr.so: undefined reference to `ffCmpSetMethod'
/opt/Tool/gcc-9.5.0/lib/gcc/x86_64-pc-linux-gnu/9.5.0/../../../../x86_64-pc-linux-gnu/bin/ld: /opt/Synopsys/verdi/Y-2026.03-SP2/share/FsdbReader/linux64/libnffr.so: undefined reference to `sysvResHookIsExternal'
/opt/Tool/gcc-9.5.0/lib/gcc/x86_64-pc-linux-gnu/9.5.0/../../../../x86_64-pc-linux-gnu/bin/ld: /opt/Synopsys/verdi/Y-2026.03-SP2/share/FsdbReader/linux64/libnffr.so: undefined reference to `gzflush'
/opt/Tool/gcc-9.5.0/lib/gcc/x86_64-pc-linux-gnu/9.5.0/../../../../x86_64-pc-linux-gnu/bin/ld: /opt/Synopsys/verdi/Y-2026.03-SP2/share/FsdbReader/linux64/libnffr.so: undefined reference to `sysvVCHOME'
/opt/Tool/gcc-9.5.0/lib/gcc/x86_64-pc-linux-gnu/9.5.0/../../../../x86_64-pc-linux-gnu/bin/ld: /opt/Synopsys/verdi/Y-2026.03-SP2/share/FsdbReader/linux64/libnffr.so: undefined reference to `sysvEnLogDassert'
/opt/Tool/gcc-9.5.0/lib/gcc/x86_64-pc-linux-gnu/9.5.0/../../../../x86_64-pc-linux-gnu/bin/ld: /opt/Synopsys/verdi/Y-2026.03-SP2/share/FsdbReader/linux64/libnffr.so: undefined reference to `sysFindEtcFile'
/opt/Tool/gcc-9.5.0/lib/gcc/x86_64-pc-linux-gnu/9.5.0/../../../../x86_64-pc-linux-gnu/bin/ld: /opt/Synopsys/verdi/Y-2026.03-SP2/share/FsdbReader/linux64/libnffr.so: undefined reference to `sysvInExit'
/opt/Tool/gcc-9.5.0/lib/gcc/x86_64-pc-linux-gnu/9.5.0/../../../../x86_64-pc-linux-gnu/bin/ld: /opt/Synopsys/verdi/Y-2026.03-SP2/share/FsdbReader/linux64/libnffr.so: undefined reference to `ffCmpSetDoubleCmpMethod'
/opt/Tool/gcc-9.5.0/lib/gcc/x86_64-pc-linux-gnu/9.5.0/../../../../x86_64-pc-linux-gnu/bin/ld: /opt/Synopsys/verdi/Y-2026.03-SP2/share/FsdbReader/linux64/libnffr.so: undefined reference to `sysENV_VC_DEBUG_IDLE_LICENSE_CHECKBACK'
/opt/Tool/gcc-9.5.0/lib/gcc/x86_64-pc-linux-gnu/9.5.0/../../../../x86_64-pc-linux-gnu/bin/ld: /opt/Synopsys/verdi/Y-2026.03-SP2/share/FsdbReader/linux64/libnffr.so: undefined reference to `sysVmCalloc_r'
/opt/Tool/gcc-9.5.0/lib/gcc/x86_64-pc-linux-gnu/9.5.0/../../../../x86_64-pc-linux-gnu/bin/ld: /opt/Synopsys/verdi/Y-2026.03-SP2/share/FsdbReader/linux64/libnffr.so: undefined reference to `sysGetCallStack'
/opt/Tool/gcc-9.5.0/lib/gcc/x86_64-pc-linux-gnu/9.5.0/../../../../x86_64-pc-linux-gnu/bin/ld: /opt/Synopsys/verdi/Y-2026.03-SP2/share/FsdbReader/linux64/libnffr.so: undefined reference to `sysv_vc_lic_tool'
/opt/Tool/gcc-9.5.0/lib/gcc/x86_64-pc-linux-gnu/9.5.0/../../../../x86_64-pc-linux-gnu/bin/ld: /opt/Synopsys/verdi/Y-2026.03-SP2/share/FsdbReader/linux64/libnffr.so: undefined reference to `sysInfoTrap'
/opt/Tool/gcc-9.5.0/lib/gcc/x86_64-pc-linux-gnu/9.5.0/../../../../x86_64-pc-linux-gnu/bin/ld: /opt/Synopsys/verdi/Y-2026.03-SP2/share/FsdbReader/linux64/libnffr.so: undefined reference to `sysvLD_PRELOAD'
/opt/Tool/gcc-9.5.0/lib/gcc/x86_64-pc-linux-gnu/9.5.0/../../../../x86_64-pc-linux-gnu/bin/ld: /opt/Synopsys/verdi/Y-2026.03-SP2/share/FsdbReader/linux64/libnffr.so: undefined reference to `sysv_vc_lic_plat'
/opt/Tool/gcc-9.5.0/lib/gcc/x86_64-pc-linux-gnu/9.5.0/../../../../x86_64-pc-linux-gnu/bin/ld: /opt/Synopsys/verdi/Y-2026.03-SP2/share/FsdbReader/linux64/libnffr.so: undefined reference to `sysInitPoolNoAlign_r'
/opt/Tool/gcc-9.5.0/lib/gcc/x86_64-pc-linux-gnu/9.5.0/../../../../x86_64-pc-linux-gnu/bin/ld: /opt/Synopsys/verdi/Y-2026.03-SP2/share/FsdbReader/linux64/libnffr.so: undefined reference to `msgAskUser1Hook'
/opt/Tool/gcc-9.5.0/lib/gcc/x86_64-pc-linux-gnu/9.5.0/../../../../x86_64-pc-linux-gnu/bin/ld: /opt/Synopsys/verdi/Y-2026.03-SP2/share/FsdbReader/linux64/libnffr.so: undefined reference to `sysENV_VERDI_ABT_DBG'
/opt/Tool/gcc-9.5.0/lib/gcc/x86_64-pc-linux-gnu/9.5.0/../../../../x86_64-pc-linux-gnu/bin/ld: /opt/Synopsys/verdi/Y-2026.03-SP2/share/FsdbReader/linux64/libnffr.so: undefined reference to `dladdr'
/opt/Tool/gcc-9.5.0/lib/gcc/x86_64-pc-linux-gnu/9.5.0/../../../../x86_64-pc-linux-gnu/bin/ld: /opt/Synopsys/verdi/Y-2026.03-SP2/share/FsdbReader/linux64/libnffr.so: undefined reference to `_sys_lseek'
/opt/Tool/gcc-9.5.0/lib/gcc/x86_64-pc-linux-gnu/9.5.0/../../../../x86_64-pc-linux-gnu/bin/ld: /opt/Synopsys/verdi/Y-2026.03-SP2/share/FsdbReader/linux64/libnffr.so: undefined reference to `sysPutPool_r'
/opt/Tool/gcc-9.5.0/lib/gcc/x86_64-pc-linux-gnu/9.5.0/../../../../x86_64-pc-linux-gnu/bin/ld: /opt/Synopsys/verdi/Y-2026.03-SP2/share/FsdbReader/linux64/libnffr.so: undefined reference to `umul'
/opt/Tool/gcc-9.5.0/lib/gcc/x86_64-pc-linux-gnu/9.5.0/../../../../x86_64-pc-linux-gnu/bin/ld: /opt/Synopsys/verdi/Y-2026.03-SP2/share/FsdbReader/linux64/libnffr.so: undefined reference to `sysCnlMfg'
/opt/Tool/gcc-9.5.0/lib/gcc/x86_64-pc-linux-gnu/9.5.0/../../../../x86_64-pc-linux-gnu/bin/ld: /opt/Synopsys/verdi/Y-2026.03-SP2/share/FsdbReader/linux64/libnffr.so: undefined reference to `sysCurrentDir'
/opt/Tool/gcc-9.5.0/lib/gcc/x86_64-pc-linux-gnu/9.5.0/../../../../x86_64-pc-linux-gnu/bin/ld: /opt/Synopsys/verdi/Y-2026.03-SP2/share/FsdbReader/linux64/libnffr.so: undefined reference to `sysvPAAMode'
/opt/Tool/gcc-9.5.0/lib/gcc/x86_64-pc-linux-gnu/9.5.0/../../../../x86_64-pc-linux-gnu/bin/ld: /opt/Synopsys/verdi/Y-2026.03-SP2/share/FsdbReader/linux64/libnffr.so: undefined reference to `sysHashInsertJNFind'
/opt/Tool/gcc-9.5.0/lib/gcc/x86_64-pc-linux-gnu/9.5.0/../../../../x86_64-pc-linux-gnu/bin/ld: /opt/Synopsys/verdi/Y-2026.03-SP2/share/FsdbReader/linux64/libnffr.so: undefined reference to `sysTemporal'
/opt/Tool/gcc-9.5.0/lib/gcc/x86_64-pc-linux-gnu/9.5.0/../../../../x86_64-pc-linux-gnu/bin/ld: /opt/Synopsys/verdi/Y-2026.03-SP2/share/FsdbReader/linux64/libnffr.so: undefined reference to `dlopen'
/opt/Tool/gcc-9.5.0/lib/gcc/x86_64-pc-linux-gnu/9.5.0/../../../../x86_64-pc-linux-gnu/bin/ld: /opt/Synopsys/verdi/Y-2026.03-SP2/share/FsdbReader/linux64/libnffr.so: undefined reference to `sysExitHook'
/opt/Tool/gcc-9.5.0/lib/gcc/x86_64-pc-linux-gnu/9.5.0/../../../../x86_64-pc-linux-gnu/bin/ld: /opt/Synopsys/verdi/Y-2026.03-SP2/share/FsdbReader/linux64/libnffr.so: undefined reference to `sysvLicDisableChkBack'
/opt/Tool/gcc-9.5.0/lib/gcc/x86_64-pc-linux-gnu/9.5.0/../../../../x86_64-pc-linux-gnu/bin/ld: /opt/Synopsys/verdi/Y-2026.03-SP2/share/FsdbReader/linux64/libnffr.so: undefined reference to `sysFileCp'
/opt/Tool/gcc-9.5.0/lib/gcc/x86_64-pc-linux-gnu/9.5.0/../../../../x86_64-pc-linux-gnu/bin/ld: /opt/Synopsys/verdi/Y-2026.03-SP2/share/FsdbReader/linux64/libnffr.so: undefined reference to `sysENV_REG_LIC_DENY'
/opt/Tool/gcc-9.5.0/lib/gcc/x86_64-pc-linux-gnu/9.5.0/../../../../x86_64-pc-linux-gnu/bin/ld: /opt/Synopsys/verdi/Y-2026.03-SP2/share/FsdbReader/linux64/libnffr.so: undefined reference to `sysENV_LICENSE_SHOW_DENIED'
/opt/Tool/gcc-9.5.0/lib/gcc/x86_64-pc-linux-gnu/9.5.0/../../../../x86_64-pc-linux-gnu/bin/ld: /opt/Synopsys/verdi/Y-2026.03-SP2/share/FsdbReader/linux64/libnffr.so: undefined reference to `ffCmpCreateObj'
/opt/Tool/gcc-9.5.0/lib/gcc/x86_64-pc-linux-gnu/9.5.0/../../../../x86_64-pc-linux-gnu/bin/ld: /opt/Synopsys/verdi/Y-2026.03-SP2/share/FsdbReader/linux64/libnffr.so: undefined reference to `ffPermStringMake'
/opt/Tool/gcc-9.5.0/lib/gcc/x86_64-pc-linux-gnu/9.5.0/../../../../x86_64-pc-linux-gnu/bin/ld: /opt/Synopsys/verdi/Y-2026.03-SP2/share/FsdbReader/linux64/libnffr.so: undefined reference to `sysAtChildExitPidSync'
/opt/Tool/gcc-9.5.0/lib/gcc/x86_64-pc-linux-gnu/9.5.0/../../../../x86_64-pc-linux-gnu/bin/ld: /opt/Synopsys/verdi/Y-2026.03-SP2/share/FsdbReader/linux64/libnffr.so: undefined reference to `sysENV_LICENSE_SERVER_LOG'
/opt/Tool/gcc-9.5.0/lib/gcc/x86_64-pc-linux-gnu/9.5.0/../../../../x86_64-pc-linux-gnu/bin/ld: /opt/Synopsys/verdi/Y-2026.03-SP2/share/FsdbReader/linux64/libnffr.so: undefined reference to `rcFile::putValues(char const*, char const*, char const*)'
/opt/Tool/gcc-9.5.0/lib/gcc/x86_64-pc-linux-gnu/9.5.0/../../../../x86_64-pc-linux-gnu/bin/ld: /opt/Synopsys/verdi/Y-2026.03-SP2/share/FsdbReader/linux64/libnffr.so: undefined reference to `sysIsValidFloatString'
/opt/Tool/gcc-9.5.0/lib/gcc/x86_64-pc-linux-gnu/9.5.0/../../../../x86_64-pc-linux-gnu/bin/ld: /opt/Synopsys/verdi/Y-2026.03-SP2/share/FsdbReader/linux64/libnffr.so: undefined reference to `sysLog'
/opt/Tool/gcc-9.5.0/lib/gcc/x86_64-pc-linux-gnu/9.5.0/../../../../x86_64-pc-linux-gnu/bin/ld: /opt/Synopsys/verdi/Y-2026.03-SP2/share/FsdbReader/linux64/libnffr.so: undefined reference to `rcFile::rcFile(char*, rcFile::ACCESSMODE, char, char, char*)'
/opt/Tool/gcc-9.5.0/lib/gcc/x86_64-pc-linux-gnu/9.5.0/../../../../x86_64-pc-linux-gnu/bin/ld: /opt/Synopsys/verdi/Y-2026.03-SP2/share/FsdbReader/linux64/libnffr.so: undefined reference to `uadd'
/opt/Tool/gcc-9.5.0/lib/gcc/x86_64-pc-linux-gnu/9.5.0/../../../../x86_64-pc-linux-gnu/bin/ld: /opt/Synopsys/verdi/Y-2026.03-SP2/share/FsdbReader/linux64/libnffr.so: undefined reference to `sysFileIsAbsPath'
/opt/Tool/gcc-9.5.0/lib/gcc/x86_64-pc-linux-gnu/9.5.0/../../../../x86_64-pc-linux-gnu/bin/ld: /opt/Synopsys/verdi/Y-2026.03-SP2/share/FsdbReader/linux64/libnffr.so: undefined reference to `_sys_open'
/opt/Tool/gcc-9.5.0/lib/gcc/x86_64-pc-linux-gnu/9.5.0/../../../../x86_64-pc-linux-gnu/bin/ld: /opt/Synopsys/verdi/Y-2026.03-SP2/share/FsdbReader/linux64/libnffr.so: undefined reference to `sysFileLastMod'
/opt/Tool/gcc-9.5.0/lib/gcc/x86_64-pc-linux-gnu/9.5.0/../../../../x86_64-pc-linux-gnu/bin/ld: /opt/Synopsys/verdi/Y-2026.03-SP2/share/FsdbReader/linux64/libnffr.so: undefined reference to `sysGetArena_r'
/opt/Tool/gcc-9.5.0/lib/gcc/x86_64-pc-linux-gnu/9.5.0/../../../../x86_64-pc-linux-gnu/bin/ld: /opt/Synopsys/verdi/Y-2026.03-SP2/share/FsdbReader/linux64/libnffr.so: undefined reference to `sysBeautyFileName'
/opt/Tool/gcc-9.5.0/lib/gcc/x86_64-pc-linux-gnu/9.5.0/../../../../x86_64-pc-linux-gnu/bin/ld: /opt/Synopsys/verdi/Y-2026.03-SP2/share/FsdbReader/linux64/libnffr.so: undefined reference to `sysThrCntMgr_C::JobDone(sysThrCntMgr_C::DBtype_E)'
/opt/Tool/gcc-9.5.0/lib/gcc/x86_64-pc-linux-gnu/9.5.0/../../../../x86_64-pc-linux-gnu/bin/ld: /opt/Synopsys/verdi/Y-2026.03-SP2/share/FsdbReader/linux64/libnffr.so: undefined reference to `sysvLicQueueTimeout'
/opt/Tool/gcc-9.5.0/lib/gcc/x86_64-pc-linux-gnu/9.5.0/../../../../x86_64-pc-linux-gnu/bin/ld: /opt/Synopsys/verdi/Y-2026.03-SP2/share/FsdbReader/linux64/libnffr.so: undefined reference to `sysHTDestroy'
/opt/Tool/gcc-9.5.0/lib/gcc/x86_64-pc-linux-gnu/9.5.0/../../../../x86_64-pc-linux-gnu/bin/ld: /opt/Synopsys/verdi/Y-2026.03-SP2/share/FsdbReader/linux64/libnffr.so: undefined reference to `sysIsSameDouble'
/opt/Tool/gcc-9.5.0/lib/gcc/x86_64-pc-linux-gnu/9.5.0/../../../../x86_64-pc-linux-gnu/bin/ld: /opt/Synopsys/verdi/Y-2026.03-SP2/share/FsdbReader/linux64/libnffr.so: undefined reference to `sysRom'
/opt/Tool/gcc-9.5.0/lib/gcc/x86_64-pc-linux-gnu/9.5.0/../../../../x86_64-pc-linux-gnu/bin/ld: /opt/Synopsys/verdi/Y-2026.03-SP2/share/FsdbReader/linux64/libnffr.so: undefined reference to `sysPopProfile'
/opt/Tool/gcc-9.5.0/lib/gcc/x86_64-pc-linux-gnu/9.5.0/../../../../x86_64-pc-linux-gnu/bin/ld: /opt/Synopsys/verdi/Y-2026.03-SP2/share/FsdbReader/linux64/libnffr.so: undefined reference to `sysIsNaN'
/opt/Tool/gcc-9.5.0/lib/gcc/x86_64-pc-linux-gnu/9.5.0/../../../../x86_64-pc-linux-gnu/bin/ld: /opt/Synopsys/verdi/Y-2026.03-SP2/share/FsdbReader/linux64/libnffr.so: undefined reference to `sysThrCntMgr_C::PredictCoreNumber(sysThrCntMgr_C::DBtype_E, unsigned int)'
/opt/Tool/gcc-9.5.0/lib/gcc/x86_64-pc-linux-gnu/9.5.0/../../../../x86_64-pc-linux-gnu/bin/ld: /opt/Synopsys/verdi/Y-2026.03-SP2/share/FsdbReader/linux64/libnffr.so: undefined reference to `sysBusyOff'
/opt/Tool/gcc-9.5.0/lib/gcc/x86_64-pc-linux-gnu/9.5.0/../../../../x86_64-pc-linux-gnu/bin/ld: /opt/Synopsys/verdi/Y-2026.03-SP2/share/FsdbReader/linux64/libnffr.so: undefined reference to `sysvNoVerdiLicUpward'
/opt/Tool/gcc-9.5.0/lib/gcc/x86_64-pc-linux-gnu/9.5.0/../../../../x86_64-pc-linux-gnu/bin/ld: /opt/Synopsys/verdi/Y-2026.03-SP2/share/FsdbReader/linux64/libnffr.so: undefined reference to `operator new(unsigned long, Allocator_R&)'
/opt/Tool/gcc-9.5.0/lib/gcc/x86_64-pc-linux-gnu/9.5.0/../../../../x86_64-pc-linux-gnu/bin/ld: /opt/Synopsys/verdi/Y-2026.03-SP2/share/FsdbReader/linux64/libnffr.so: undefined reference to `ucompare'
/opt/Tool/gcc-9.5.0/lib/gcc/x86_64-pc-linux-gnu/9.5.0/../../../../x86_64-pc-linux-gnu/bin/ld: /opt/Synopsys/verdi/Y-2026.03-SP2/share/FsdbReader/linux64/libnffr.so: undefined reference to `sysAppendConfigPath'
/opt/Tool/gcc-9.5.0/lib/gcc/x86_64-pc-linux-gnu/9.5.0/../../../../x86_64-pc-linux-gnu/bin/ld: /opt/Synopsys/verdi/Y-2026.03-SP2/share/FsdbReader/linux64/libnffr.so: undefined reference to `sysvLicQueue'
/opt/Tool/gcc-9.5.0/lib/gcc/x86_64-pc-linux-gnu/9.5.0/../../../../x86_64-pc-linux-gnu/bin/ld: /opt/Synopsys/verdi/Y-2026.03-SP2/share/FsdbReader/linux64/libnffr.so: undefined reference to `sysFreeVm_r'
/opt/Tool/gcc-9.5.0/lib/gcc/x86_64-pc-linux-gnu/9.5.0/../../../../x86_64-pc-linux-gnu/bin/ld: /opt/Synopsys/verdi/Y-2026.03-SP2/share/FsdbReader/linux64/libnffr.so: undefined reference to `sysWarn'
/opt/Tool/gcc-9.5.0/lib/gcc/x86_64-pc-linux-gnu/9.5.0/../../../../x86_64-pc-linux-gnu/bin/ld: /opt/Synopsys/verdi/Y-2026.03-SP2/share/FsdbReader/linux64/libnffr.so: undefined reference to `sysPutEnvNoMap'
/opt/Tool/gcc-9.5.0/lib/gcc/x86_64-pc-linux-gnu/9.5.0/../../../../x86_64-pc-linux-gnu/bin/ld: /opt/Synopsys/verdi/Y-2026.03-SP2/share/FsdbReader/linux64/libnffr.so: undefined reference to `sysvIDMode'
/opt/Tool/gcc-9.5.0/lib/gcc/x86_64-pc-linux-gnu/9.5.0/../../../../x86_64-pc-linux-gnu/bin/ld: /opt/Synopsys/verdi/Y-2026.03-SP2/share/FsdbReader/linux64/libnffr.so: undefined reference to `sysUtsname'
/opt/Tool/gcc-9.5.0/lib/gcc/x86_64-pc-linux-gnu/9.5.0/../../../../x86_64-pc-linux-gnu/bin/ld: /opt/Synopsys/verdi/Y-2026.03-SP2/share/FsdbReader/linux64/libnffr.so: undefined reference to `sysTJob_C::~sysTJob_C()'
/opt/Tool/gcc-9.5.0/lib/gcc/x86_64-pc-linux-gnu/9.5.0/../../../../x86_64-pc-linux-gnu/bin/ld: /opt/Synopsys/verdi/Y-2026.03-SP2/share/FsdbReader/linux64/libnffr.so: undefined reference to `sysLRUCloseFile'
/opt/Tool/gcc-9.5.0/lib/gcc/x86_64-pc-linux-gnu/9.5.0/../../../../x86_64-pc-linux-gnu/bin/ld: /opt/Synopsys/verdi/Y-2026.03-SP2/share/FsdbReader/linux64/libnffr.so: undefined reference to `_sys_read'
/opt/Tool/gcc-9.5.0/lib/gcc/x86_64-pc-linux-gnu/9.5.0/../../../../x86_64-pc-linux-gnu/bin/ld: /opt/Synopsys/verdi/Y-2026.03-SP2/share/FsdbReader/linux64/libnffr.so: undefined reference to `sysvEnDassert'
/opt/Tool/gcc-9.5.0/lib/gcc/x86_64-pc-linux-gnu/9.5.0/../../../../x86_64-pc-linux-gnu/bin/ld: /opt/Synopsys/verdi/Y-2026.03-SP2/share/FsdbReader/linux64/libnffr.so: undefined reference to `sysv_nextG_PkgMode'
/opt/Tool/gcc-9.5.0/lib/gcc/x86_64-pc-linux-gnu/9.5.0/../../../../x86_64-pc-linux-gnu/bin/ld: /opt/Synopsys/verdi/Y-2026.03-SP2/share/FsdbReader/linux64/libnffr.so: undefined reference to `sysTJob_C::putQ(sysTJobQ_C*)'
/opt/Tool/gcc-9.5.0/lib/gcc/x86_64-pc-linux-gnu/9.5.0/../../../../x86_64-pc-linux-gnu/bin/ld: /opt/Synopsys/verdi/Y-2026.03-SP2/share/FsdbReader/linux64/libnffr.so: undefined reference to `sysENV_SPS_IDLE_LICENSE_CHECKBACK_SILENCE'
/opt/Tool/gcc-9.5.0/lib/gcc/x86_64-pc-linux-gnu/9.5.0/../../../../x86_64-pc-linux-gnu/bin/ld: /opt/Synopsys/verdi/Y-2026.03-SP2/share/FsdbReader/linux64/libnffr.so: undefined reference to `ffCmpDestroyObj'
/opt/Tool/gcc-9.5.0/lib/gcc/x86_64-pc-linux-gnu/9.5.0/../../../../x86_64-pc-linux-gnu/bin/ld: /opt/Synopsys/verdi/Y-2026.03-SP2/share/FsdbReader/linux64/libnffr.so: undefined reference to `sysFree_r'
/opt/Tool/gcc-9.5.0/lib/gcc/x86_64-pc-linux-gnu/9.5.0/../../../../x86_64-pc-linux-gnu/bin/ld: /opt/Synopsys/verdi/Y-2026.03-SP2/share/FsdbReader/linux64/libnffr.so: undefined reference to `sysFreePool_r'
/opt/Tool/gcc-9.5.0/lib/gcc/x86_64-pc-linux-gnu/9.5.0/../../../../x86_64-pc-linux-gnu/bin/ld: /opt/Synopsys/verdi/Y-2026.03-SP2/share/FsdbReader/linux64/libnffr.so: undefined reference to `uint2toI'
/opt/Tool/gcc-9.5.0/lib/gcc/x86_64-pc-linux-gnu/9.5.0/../../../../x86_64-pc-linux-gnu/bin/ld: /opt/Synopsys/verdi/Y-2026.03-SP2/share/FsdbReader/linux64/libnffr.so: undefined reference to `typeinfo for sysTJob_C'
/opt/Tool/gcc-9.5.0/lib/gcc/x86_64-pc-linux-gnu/9.5.0/../../../../x86_64-pc-linux-gnu/bin/ld: /opt/Synopsys/verdi/Y-2026.03-SP2/share/FsdbReader/linux64/libnffr.so: undefined reference to `sysWarnTrap'
/opt/Tool/gcc-9.5.0/lib/gcc/x86_64-pc-linux-gnu/9.5.0/../../../../x86_64-pc-linux-gnu/bin/ld: /opt/Synopsys/verdi/Y-2026.03-SP2/share/FsdbReader/linux64/libnffr.so: undefined reference to `sysFileSize'
/opt/Tool/gcc-9.5.0/lib/gcc/x86_64-pc-linux-gnu/9.5.0/../../../../x86_64-pc-linux-gnu/bin/ld: /opt/Synopsys/verdi/Y-2026.03-SP2/share/FsdbReader/linux64/libnffr.so: undefined reference to `UI64toa'
/opt/Tool/gcc-9.5.0/lib/gcc/x86_64-pc-linux-gnu/9.5.0/../../../../x86_64-pc-linux-gnu/bin/ld: /opt/Synopsys/verdi/Y-2026.03-SP2/share/FsdbReader/linux64/libnffr.so: undefined reference to `_sys_close'
/opt/Tool/gcc-9.5.0/lib/gcc/x86_64-pc-linux-gnu/9.5.0/../../../../x86_64-pc-linux-gnu/bin/ld: /opt/Synopsys/verdi/Y-2026.03-SP2/share/FsdbReader/linux64/libnffr.so: undefined reference to `sysErrorTrap'
/opt/Tool/gcc-9.5.0/lib/gcc/x86_64-pc-linux-gnu/9.5.0/../../../../x86_64-pc-linux-gnu/bin/ld: /opt/Synopsys/verdi/Y-2026.03-SP2/share/FsdbReader/linux64/libnffr.so: undefined reference to `sysv_VerdiLicOrder'
/opt/Tool/gcc-9.5.0/lib/gcc/x86_64-pc-linux-gnu/9.5.0/../../../../x86_64-pc-linux-gnu/bin/ld: /opt/Synopsys/verdi/Y-2026.03-SP2/share/FsdbReader/linux64/libnffr.so: undefined reference to `sysWarnSuppress'
/opt/Tool/gcc-9.5.0/lib/gcc/x86_64-pc-linux-gnu/9.5.0/../../../../x86_64-pc-linux-gnu/bin/ld: /opt/Synopsys/verdi/Y-2026.03-SP2/share/FsdbReader/linux64/libnffr.so: undefined reference to `sysCompareFile'
/opt/Tool/gcc-9.5.0/lib/gcc/x86_64-pc-linux-gnu/9.5.0/../../../../x86_64-pc-linux-gnu/bin/ld: /opt/Synopsys/verdi/Y-2026.03-SP2/share/FsdbReader/linux64/libnffr.so: undefined reference to `sysFileIsWritable'
/opt/Tool/gcc-9.5.0/lib/gcc/x86_64-pc-linux-gnu/9.5.0/../../../../x86_64-pc-linux-gnu/bin/ld: /opt/Synopsys/verdi/Y-2026.03-SP2/share/FsdbReader/linux64/libnffr.so: undefined reference to `sysvResHookRetrieveDesc'
/opt/Tool/gcc-9.5.0/lib/gcc/x86_64-pc-linux-gnu/9.5.0/../../../../x86_64-pc-linux-gnu/bin/ld: /opt/Synopsys/verdi/Y-2026.03-SP2/share/FsdbReader/linux64/libnffr.so: undefined reference to `ffPermStrFreeHT'
/opt/Tool/gcc-9.5.0/lib/gcc/x86_64-pc-linux-gnu/9.5.0/../../../../x86_64-pc-linux-gnu/bin/ld: /opt/Synopsys/verdi/Y-2026.03-SP2/share/FsdbReader/linux64/libnffr.so: undefined reference to `sysGetEnvNoCheck'
/opt/Tool/gcc-9.5.0/lib/gcc/x86_64-pc-linux-gnu/9.5.0/../../../../x86_64-pc-linux-gnu/bin/ld: /opt/Synopsys/verdi/Y-2026.03-SP2/share/FsdbReader/linux64/libnffr.so: undefined reference to `sysStrerror'
/opt/Tool/gcc-9.5.0/lib/gcc/x86_64-pc-linux-gnu/9.5.0/../../../../x86_64-pc-linux-gnu/bin/ld: /opt/Synopsys/verdi/Y-2026.03-SP2/share/FsdbReader/linux64/libnffr.so: undefined reference to `sysFreeString_r'
/opt/Tool/gcc-9.5.0/lib/gcc/x86_64-pc-linux-gnu/9.5.0/../../../../x86_64-pc-linux-gnu/bin/ld: /opt/Synopsys/verdi/Y-2026.03-SP2/share/FsdbReader/linux64/libnffr.so: undefined reference to `sysHTQuitIter'
/opt/Tool/gcc-9.5.0/lib/gcc/x86_64-pc-linux-gnu/9.5.0/../../../../x86_64-pc-linux-gnu/bin/ld: /opt/Synopsys/verdi/Y-2026.03-SP2/share/FsdbReader/linux64/libnffr.so: undefined reference to `sysFileRm'
/opt/Tool/gcc-9.5.0/lib/gcc/x86_64-pc-linux-gnu/9.5.0/../../../../x86_64-pc-linux-gnu/bin/ld: /opt/Synopsys/verdi/Y-2026.03-SP2/share/FsdbReader/linux64/libnffr.so: undefined reference to `_btCnlIdent'
/opt/Tool/gcc-9.5.0/lib/gcc/x86_64-pc-linux-gnu/9.5.0/../../../../x86_64-pc-linux-gnu/bin/ld: /opt/Synopsys/verdi/Y-2026.03-SP2/share/FsdbReader/linux64/libnffr.so: undefined reference to `rcPutValues'
/opt/Tool/gcc-9.5.0/lib/gcc/x86_64-pc-linux-gnu/9.5.0/../../../../x86_64-pc-linux-gnu/bin/ld: /opt/Synopsys/verdi/Y-2026.03-SP2/share/FsdbReader/linux64/libnffr.so: undefined reference to `sysHashFind_ProbeOnly'
/opt/Tool/gcc-9.5.0/lib/gcc/x86_64-pc-linux-gnu/9.5.0/../../../../x86_64-pc-linux-gnu/bin/ld: /opt/Synopsys/verdi/Y-2026.03-SP2/share/FsdbReader/linux64/libnffr.so: undefined reference to `sysHTIter'
/opt/Tool/gcc-9.5.0/lib/gcc/x86_64-pc-linux-gnu/9.5.0/../../../../x86_64-pc-linux-gnu/bin/ld: /opt/Synopsys/verdi/Y-2026.03-SP2/share/FsdbReader/linux64/libnffr.so: undefined reference to `sysENV_SPS_LIC_EXP_CTRL'
/opt/Tool/gcc-9.5.0/lib/gcc/x86_64-pc-linux-gnu/9.5.0/../../../../x86_64-pc-linux-gnu/bin/ld: /opt/Synopsys/verdi/Y-2026.03-SP2/share/FsdbReader/linux64/libnffr.so: undefined reference to `Allocator_R::Malloc(unsigned long)'
/opt/Tool/gcc-9.5.0/lib/gcc/x86_64-pc-linux-gnu/9.5.0/../../../../x86_64-pc-linux-gnu/bin/ld: /opt/Synopsys/verdi/Y-2026.03-SP2/share/FsdbReader/linux64/libnffr.so: undefined reference to `sysLRUWriteFile'
/opt/Tool/gcc-9.5.0/lib/gcc/x86_64-pc-linux-gnu/9.5.0/../../../../x86_64-pc-linux-gnu/bin/ld: /opt/Synopsys/verdi/Y-2026.03-SP2/share/FsdbReader/linux64/libnffr.so: undefined reference to `ItoUint2'
/opt/Tool/gcc-9.5.0/lib/gcc/x86_64-pc-linux-gnu/9.5.0/../../../../x86_64-pc-linux-gnu/bin/ld: /opt/Synopsys/verdi/Y-2026.03-SP2/share/FsdbReader/linux64/libnffr.so: undefined reference to `sysENV_FAKE_HEARTBEAT'
/opt/Tool/gcc-9.5.0/lib/gcc/x86_64-pc-linux-gnu/9.5.0/../../../../x86_64-pc-linux-gnu/bin/ld: /opt/Synopsys/verdi/Y-2026.03-SP2/share/FsdbReader/linux64/libnffr.so: undefined reference to `sysThrCntMgr_C::CoreCnt()'
/opt/Tool/gcc-9.5.0/lib/gcc/x86_64-pc-linux-gnu/9.5.0/../../../../x86_64-pc-linux-gnu/bin/ld: /opt/Synopsys/verdi/Y-2026.03-SP2/share/FsdbReader/linux64/libnffr.so: undefined reference to `sysvVCWait'
/opt/Tool/gcc-9.5.0/lib/gcc/x86_64-pc-linux-gnu/9.5.0/../../../../x86_64-pc-linux-gnu/bin/ld: /opt/Synopsys/verdi/Y-2026.03-SP2/share/FsdbReader/linux64/libnffr.so: undefined reference to `uint2toUI'
/opt/Tool/gcc-9.5.0/lib/gcc/x86_64-pc-linux-gnu/9.5.0/../../../../x86_64-pc-linux-gnu/bin/ld: /opt/Synopsys/verdi/Y-2026.03-SP2/share/FsdbReader/linux64/libnffr.so: undefined reference to `ffCmpGetWorkBuf'
/opt/Tool/gcc-9.5.0/lib/gcc/x86_64-pc-linux-gnu/9.5.0/../../../../x86_64-pc-linux-gnu/bin/ld: /opt/Synopsys/verdi/Y-2026.03-SP2/share/FsdbReader/linux64/libnffr.so: undefined reference to `sysInitVm_r'
/opt/Tool/gcc-9.5.0/lib/gcc/x86_64-pc-linux-gnu/9.5.0/../../../../x86_64-pc-linux-gnu/bin/ld: /opt/Synopsys/verdi/Y-2026.03-SP2/share/FsdbReader/linux64/libnffr.so: undefined reference to `gzprintf'
/opt/Tool/gcc-9.5.0/lib/gcc/x86_64-pc-linux-gnu/9.5.0/../../../../x86_64-pc-linux-gnu/bin/ld: /opt/Synopsys/verdi/Y-2026.03-SP2/share/FsdbReader/linux64/libnffr.so: undefined reference to `sysThrCntMgr_C::getGlobalOne()'
/opt/Tool/gcc-9.5.0/lib/gcc/x86_64-pc-linux-gnu/9.5.0/../../../../x86_64-pc-linux-gnu/bin/ld: /opt/Synopsys/verdi/Y-2026.03-SP2/share/FsdbReader/linux64/libnffr.so: undefined reference to `sysAtChildExitSync'
/opt/Tool/gcc-9.5.0/lib/gcc/x86_64-pc-linux-gnu/9.5.0/../../../../x86_64-pc-linux-gnu/bin/ld: /opt/Synopsys/verdi/Y-2026.03-SP2/share/FsdbReader/linux64/libnffr.so: undefined reference to `sysVmFree_r'
/opt/Tool/gcc-9.5.0/lib/gcc/x86_64-pc-linux-gnu/9.5.0/../../../../x86_64-pc-linux-gnu/bin/ld: /opt/Synopsys/verdi/Y-2026.03-SP2/share/FsdbReader/linux64/libnffr.so: undefined reference to `sysFileIsReadable'
/opt/Tool/gcc-9.5.0/lib/gcc/x86_64-pc-linux-gnu/9.5.0/../../../../x86_64-pc-linux-gnu/bin/ld: /opt/Synopsys/verdi/Y-2026.03-SP2/share/FsdbReader/linux64/libnffr.so: undefined reference to `sysPutEnv'
/opt/Tool/gcc-9.5.0/lib/gcc/x86_64-pc-linux-gnu/9.5.0/../../../../x86_64-pc-linux-gnu/bin/ld: /opt/Synopsys/verdi/Y-2026.03-SP2/share/FsdbReader/linux64/libnffr.so: undefined reference to `sysNoLRURealFD'
/opt/Tool/gcc-9.5.0/lib/gcc/x86_64-pc-linux-gnu/9.5.0/../../../../x86_64-pc-linux-gnu/bin/ld: /opt/Synopsys/verdi/Y-2026.03-SP2/share/FsdbReader/linux64/libnffr.so: undefined reference to `sysVmFreeId_r'
/opt/Tool/gcc-9.5.0/lib/gcc/x86_64-pc-linux-gnu/9.5.0/../../../../x86_64-pc-linux-gnu/bin/ld: /opt/Synopsys/verdi/Y-2026.03-SP2/share/FsdbReader/linux64/libnffr.so: undefined reference to `sysExit'
/opt/Tool/gcc-9.5.0/lib/gcc/x86_64-pc-linux-gnu/9.5.0/../../../../x86_64-pc-linux-gnu/bin/ld: /opt/Synopsys/verdi/Y-2026.03-SP2/share/FsdbReader/linux64/libnffr.so: undefined reference to `sysPushCmdProfile'
/opt/Tool/gcc-9.5.0/lib/gcc/x86_64-pc-linux-gnu/9.5.0/../../../../x86_64-pc-linux-gnu/bin/ld: /opt/Synopsys/verdi/Y-2026.03-SP2/share/FsdbReader/linux64/libnffr.so: undefined reference to `ffCmpSetDoubleCmp'
/opt/Tool/gcc-9.5.0/lib/gcc/x86_64-pc-linux-gnu/9.5.0/../../../../x86_64-pc-linux-gnu/bin/ld: /opt/Synopsys/verdi/Y-2026.03-SP2/share/FsdbReader/linux64/libnffr.so: undefined reference to `ffCmpDecompress'
/opt/Tool/gcc-9.5.0/lib/gcc/x86_64-pc-linux-gnu/9.5.0/../../../../x86_64-pc-linux-gnu/bin/ld: /opt/Synopsys/verdi/Y-2026.03-SP2/share/FsdbReader/linux64/libnffr.so: undefined reference to `sysMalloc_r'
/opt/Tool/gcc-9.5.0/lib/gcc/x86_64-pc-linux-gnu/9.5.0/../../../../x86_64-pc-linux-gnu/bin/ld: /opt/Synopsys/verdi/Y-2026.03-SP2/share/FsdbReader/linux64/libnffr.so: undefined reference to `Allocator_R::Free(void*, unsigned long)'
/opt/Tool/gcc-9.5.0/lib/gcc/x86_64-pc-linux-gnu/9.5.0/../../../../x86_64-pc-linux-gnu/bin/ld: /opt/Synopsys/verdi/Y-2026.03-SP2/share/FsdbReader/linux64/libnffr.so: undefined reference to `sysVmSetExitOnFail'
/opt/Tool/gcc-9.5.0/lib/gcc/x86_64-pc-linux-gnu/9.5.0/../../../../x86_64-pc-linux-gnu/bin/ld: /opt/Synopsys/verdi/Y-2026.03-SP2/share/FsdbReader/linux64/libnffr.so: undefined reference to `sysCalloc_r'
/opt/Tool/gcc-9.5.0/lib/gcc/x86_64-pc-linux-gnu/9.5.0/../../../../x86_64-pc-linux-gnu/bin/ld: /opt/Synopsys/verdi/Y-2026.03-SP2/share/FsdbReader/linux64/libnffr.so: undefined reference to `sysHashFind'
/opt/Tool/gcc-9.5.0/lib/gcc/x86_64-pc-linux-gnu/9.5.0/../../../../x86_64-pc-linux-gnu/bin/ld: /opt/Synopsys/verdi/Y-2026.03-SP2/share/FsdbReader/linux64/libnffr.so: undefined reference to `sysBusyOn'
/opt/Tool/gcc-9.5.0/lib/gcc/x86_64-pc-linux-gnu/9.5.0/../../../../x86_64-pc-linux-gnu/bin/ld: /opt/Synopsys/verdi/Y-2026.03-SP2/share/FsdbReader/linux64/libnffr.so: undefined reference to `sysPushProfile'
/opt/Tool/gcc-9.5.0/lib/gcc/x86_64-pc-linux-gnu/9.5.0/../../../../x86_64-pc-linux-gnu/bin/ld: /opt/Synopsys/verdi/Y-2026.03-SP2/share/FsdbReader/linux64/libnffr.so: undefined reference to `Allocator_R::retrieve_region()'
/opt/Tool/gcc-9.5.0/lib/gcc/x86_64-pc-linux-gnu/9.5.0/../../../../x86_64-pc-linux-gnu/bin/ld: /opt/Synopsys/verdi/Y-2026.03-SP2/share/FsdbReader/linux64/libnffr.so: undefined reference to `sysGetVerdiPkgMode'
/opt/Tool/gcc-9.5.0/lib/gcc/x86_64-pc-linux-gnu/9.5.0/../../../../x86_64-pc-linux-gnu/bin/ld: /opt/Synopsys/verdi/Y-2026.03-SP2/share/FsdbReader/linux64/libnffr.so: undefined reference to `addSuccessContentHook'
/opt/Tool/gcc-9.5.0/lib/gcc/x86_64-pc-linux-gnu/9.5.0/../../../../x86_64-pc-linux-gnu/bin/ld: /opt/Synopsys/verdi/Y-2026.03-SP2/share/FsdbReader/linux64/libnffr.so: undefined reference to `sysIsAbort_r'
/opt/Tool/gcc-9.5.0/lib/gcc/x86_64-pc-linux-gnu/9.5.0/../../../../x86_64-pc-linux-gnu/bin/ld: /opt/Synopsys/verdi/Y-2026.03-SP2/share/FsdbReader/linux64/libnffr.so: undefined reference to `sysvResHookGetTypeIds'
/opt/Tool/gcc-9.5.0/lib/gcc/x86_64-pc-linux-gnu/9.5.0/../../../../x86_64-pc-linux-gnu/bin/ld: /opt/Synopsys/verdi/Y-2026.03-SP2/share/FsdbReader/linux64/libnffr.so: undefined reference to `sysMsg'
/opt/Tool/gcc-9.5.0/lib/gcc/x86_64-pc-linux-gnu/9.5.0/../../../../x86_64-pc-linux-gnu/bin/ld: /opt/Synopsys/verdi/Y-2026.03-SP2/share/FsdbReader/linux64/libnffr.so: undefined reference to `sysGetEnvNoMap'
/opt/Tool/gcc-9.5.0/lib/gcc/x86_64-pc-linux-gnu/9.5.0/../../../../x86_64-pc-linux-gnu/bin/ld: /opt/Synopsys/verdi/Y-2026.03-SP2/share/FsdbReader/linux64/libnffr.so: undefined reference to `sysTJob_C::getStatus()'
/opt/Tool/gcc-9.5.0/lib/gcc/x86_64-pc-linux-gnu/9.5.0/../../../../x86_64-pc-linux-gnu/bin/ld: /opt/Synopsys/verdi/Y-2026.03-SP2/share/FsdbReader/linux64/libnffr.so: undefined reference to `dlclose'
/opt/Tool/gcc-9.5.0/lib/gcc/x86_64-pc-linux-gnu/9.5.0/../../../../x86_64-pc-linux-gnu/bin/ld: /opt/Synopsys/verdi/Y-2026.03-SP2/share/FsdbReader/linux64/libnffr.so: undefined reference to `sysSetThreadGrp'
/opt/Tool/gcc-9.5.0/lib/gcc/x86_64-pc-linux-gnu/9.5.0/../../../../x86_64-pc-linux-gnu/bin/ld: /opt/Synopsys/verdi/Y-2026.03-SP2/share/FsdbReader/linux64/libnffr.so: undefined reference to `rcFile::getKeys(char*, int*, char***, char)'
/opt/Tool/gcc-9.5.0/lib/gcc/x86_64-pc-linux-gnu/9.5.0/../../../../x86_64-pc-linux-gnu/bin/ld: /opt/Synopsys/verdi/Y-2026.03-SP2/share/FsdbReader/linux64/libnffr.so: undefined reference to `_sys_fopen'
/opt/Tool/gcc-9.5.0/lib/gcc/x86_64-pc-linux-gnu/9.5.0/../../../../x86_64-pc-linux-gnu/bin/ld: /opt/Synopsys/verdi/Y-2026.03-SP2/share/FsdbReader/linux64/libnffr.so: undefined reference to `sysTJob_C::sysTJob_C(bool)'
/opt/Tool/gcc-9.5.0/lib/gcc/x86_64-pc-linux-gnu/9.5.0/../../../../x86_64-pc-linux-gnu/bin/ld: /opt/Synopsys/verdi/Y-2026.03-SP2/share/FsdbReader/linux64/libnffr.so: undefined reference to `sysIeeeToHostFloat'
/opt/Tool/gcc-9.5.0/lib/gcc/x86_64-pc-linux-gnu/9.5.0/../../../../x86_64-pc-linux-gnu/bin/ld: /opt/Synopsys/verdi/Y-2026.03-SP2/share/FsdbReader/linux64/libnffr.so: undefined reference to `addFailedReasonHook'
/opt/Tool/gcc-9.5.0/lib/gcc/x86_64-pc-linux-gnu/9.5.0/../../../../x86_64-pc-linux-gnu/bin/ld: /opt/Synopsys/verdi/Y-2026.03-SP2/share/FsdbReader/linux64/libnffr.so: undefined reference to `udiv'
/opt/Tool/gcc-9.5.0/lib/gcc/x86_64-pc-linux-gnu/9.5.0/../../../../x86_64-pc-linux-gnu/bin/ld: /opt/Synopsys/verdi/Y-2026.03-SP2/share/FsdbReader/linux64/libnffr.so: undefined reference to `sysReleaseBase'
/opt/Tool/gcc-9.5.0/lib/gcc/x86_64-pc-linux-gnu/9.5.0/../../../../x86_64-pc-linux-gnu/bin/ld: /opt/Synopsys/verdi/Y-2026.03-SP2/share/FsdbReader/linux64/libnffr.so: undefined reference to `sysFindConfigFile'
/opt/Tool/gcc-9.5.0/lib/gcc/x86_64-pc-linux-gnu/9.5.0/../../../../x86_64-pc-linux-gnu/bin/ld: /opt/Synopsys/verdi/Y-2026.03-SP2/share/FsdbReader/linux64/libnffr.so: undefined reference to `sysDirname'
/opt/Tool/gcc-9.5.0/lib/gcc/x86_64-pc-linux-gnu/9.5.0/../../../../x86_64-pc-linux-gnu/bin/ld: /opt/Synopsys/verdi/Y-2026.03-SP2/share/FsdbReader/linux64/libnffr.so: undefined reference to `sysPtyCloseHandle'
/opt/Tool/gcc-9.5.0/lib/gcc/x86_64-pc-linux-gnu/9.5.0/../../../../x86_64-pc-linux-gnu/bin/ld: /opt/Synopsys/verdi/Y-2026.03-SP2/share/FsdbReader/linux64/libnffr.so: undefined reference to `sysENV_REG_LIC_DENYKEY'
/opt/Tool/gcc-9.5.0/lib/gcc/x86_64-pc-linux-gnu/9.5.0/../../../../x86_64-pc-linux-gnu/bin/ld: /opt/Synopsys/verdi/Y-2026.03-SP2/share/FsdbReader/linux64/libnffr.so: undefined reference to `dlerror'
/opt/Tool/gcc-9.5.0/lib/gcc/x86_64-pc-linux-gnu/9.5.0/../../../../x86_64-pc-linux-gnu/bin/ld: /opt/Synopsys/verdi/Y-2026.03-SP2/share/FsdbReader/linux64/libnffr.so: undefined reference to `sysGetPool_r'
/opt/Tool/gcc-9.5.0/lib/gcc/x86_64-pc-linux-gnu/9.5.0/../../../../x86_64-pc-linux-gnu/bin/ld: /opt/Synopsys/verdi/Y-2026.03-SP2/share/FsdbReader/linux64/libnffr.so: undefined reference to `dlsym'
/opt/Tool/gcc-9.5.0/lib/gcc/x86_64-pc-linux-gnu/9.5.0/../../../../x86_64-pc-linux-gnu/bin/ld: /opt/Synopsys/verdi/Y-2026.03-SP2/share/FsdbReader/linux64/libnffr.so: undefined reference to `gzopen'
/opt/Tool/gcc-9.5.0/lib/gcc/x86_64-pc-linux-gnu/9.5.0/../../../../x86_64-pc-linux-gnu/bin/ld: /opt/Synopsys/verdi/Y-2026.03-SP2/share/FsdbReader/linux64/libnffr.so: undefined reference to `sysIsExit_r'
/opt/Tool/gcc-9.5.0/lib/gcc/x86_64-pc-linux-gnu/9.5.0/../../../../x86_64-pc-linux-gnu/bin/ld: /opt/Synopsys/verdi/Y-2026.03-SP2/share/FsdbReader/linux64/libnffr.so: undefined reference to `sysFindExeFullPath'
/opt/Tool/gcc-9.5.0/lib/gcc/x86_64-pc-linux-gnu/9.5.0/../../../../x86_64-pc-linux-gnu/bin/ld: /opt/Synopsys/verdi/Y-2026.03-SP2/share/FsdbReader/linux64/libnffr.so: undefined reference to `sysLRUReadFile'
/opt/Tool/gcc-9.5.0/lib/gcc/x86_64-pc-linux-gnu/9.5.0/../../../../x86_64-pc-linux-gnu/bin/ld: /opt/Synopsys/verdi/Y-2026.03-SP2/share/FsdbReader/linux64/libnffr.so: undefined reference to `sysENV_SPS_IDLE_LICENSE_CHECKBACK'
/opt/Tool/gcc-9.5.0/lib/gcc/x86_64-pc-linux-gnu/9.5.0/../../../../x86_64-pc-linux-gnu/bin/ld: /opt/Synopsys/verdi/Y-2026.03-SP2/share/FsdbReader/linux64/libnffr.so: undefined reference to `sysLicQueueProcEventTrap'
/opt/Tool/gcc-9.5.0/lib/gcc/x86_64-pc-linux-gnu/9.5.0/../../../../x86_64-pc-linux-gnu/bin/ld: /opt/Synopsys/verdi/Y-2026.03-SP2/share/FsdbReader/linux64/libnffr.so: undefined reference to `sysBasename'
/opt/Tool/gcc-9.5.0/lib/gcc/x86_64-pc-linux-gnu/9.5.0/../../../../x86_64-pc-linux-gnu/bin/ld: /opt/Synopsys/verdi/Y-2026.03-SP2/share/FsdbReader/linux64/libnffr.so: undefined reference to `sysTJob_C::setThrFunArg(void*)'
/opt/Tool/gcc-9.5.0/lib/gcc/x86_64-pc-linux-gnu/9.5.0/../../../../x86_64-pc-linux-gnu/bin/ld: /opt/Synopsys/verdi/Y-2026.03-SP2/share/FsdbReader/linux64/libnffr.so: undefined reference to `sysENV_DISPLAY'
/opt/Tool/gcc-9.5.0/lib/gcc/x86_64-pc-linux-gnu/9.5.0/../../../../x86_64-pc-linux-gnu/bin/ld: /opt/Synopsys/verdi/Y-2026.03-SP2/share/FsdbReader/linux64/libnffr.so: undefined reference to `sysCopyFile'
/opt/Tool/gcc-9.5.0/lib/gcc/x86_64-pc-linux-gnu/9.5.0/../../../../x86_64-pc-linux-gnu/bin/ld: /opt/Synopsys/verdi/Y-2026.03-SP2/share/FsdbReader/linux64/libnffr.so: undefined reference to `sysLicQueueAbortTrap'
/opt/Tool/gcc-9.5.0/lib/gcc/x86_64-pc-linux-gnu/9.5.0/../../../../x86_64-pc-linux-gnu/bin/ld: /opt/Synopsys/verdi/Y-2026.03-SP2/share/FsdbReader/linux64/libnffr.so: undefined reference to `sysvCnlMfg'
/opt/Tool/gcc-9.5.0/lib/gcc/x86_64-pc-linux-gnu/9.5.0/../../../../x86_64-pc-linux-gnu/bin/ld: /opt/Synopsys/verdi/Y-2026.03-SP2/share/FsdbReader/linux64/libnffr.so: undefined reference to `rcGetValues'
/opt/Tool/gcc-9.5.0/lib/gcc/x86_64-pc-linux-gnu/9.5.0/../../../../x86_64-pc-linux-gnu/bin/ld: /opt/Synopsys/verdi/Y-2026.03-SP2/share/FsdbReader/linux64/libnffr.so: undefined reference to `sysHTInitIter'
/opt/Tool/gcc-9.5.0/lib/gcc/x86_64-pc-linux-gnu/9.5.0/../../../../x86_64-pc-linux-gnu/bin/ld: /opt/Synopsys/verdi/Y-2026.03-SP2/share/FsdbReader/linux64/libnffr.so: undefined reference to `sysCancelLicUtilThread'
/opt/Tool/gcc-9.5.0/lib/gcc/x86_64-pc-linux-gnu/9.5.0/../../../../x86_64-pc-linux-gnu/bin/ld: /opt/Synopsys/verdi/Y-2026.03-SP2/share/FsdbReader/linux64/libnffr.so: undefined reference to `sysFileIsExecutable'
/opt/Tool/gcc-9.5.0/lib/gcc/x86_64-pc-linux-gnu/9.5.0/../../../../x86_64-pc-linux-gnu/bin/ld: /opt/Synopsys/verdi/Y-2026.03-SP2/share/FsdbReader/linux64/libnffr.so: undefined reference to `I64toa'
/opt/Tool/gcc-9.5.0/lib/gcc/x86_64-pc-linux-gnu/9.5.0/../../../../x86_64-pc-linux-gnu/bin/ld: /opt/Synopsys/verdi/Y-2026.03-SP2/share/FsdbReader/linux64/libnffr.so: undefined reference to `sysCloseDir'
/opt/Tool/gcc-9.5.0/lib/gcc/x86_64-pc-linux-gnu/9.5.0/../../../../x86_64-pc-linux-gnu/bin/ld: /opt/Synopsys/verdi/Y-2026.03-SP2/share/FsdbReader/linux64/libnffr.so: undefined reference to `sysGetLogDir'
/opt/Tool/gcc-9.5.0/lib/gcc/x86_64-pc-linux-gnu/9.5.0/../../../../x86_64-pc-linux-gnu/bin/ld: /opt/Synopsys/verdi/Y-2026.03-SP2/share/FsdbReader/linux64/libnffr.so: undefined reference to `sysLogFlush'
/opt/Tool/gcc-9.5.0/lib/gcc/x86_64-pc-linux-gnu/9.5.0/../../../../x86_64-pc-linux-gnu/bin/ld: /opt/Synopsys/verdi/Y-2026.03-SP2/share/FsdbReader/linux64/libnffr.so: undefined reference to `sysLRUPreadFile'
/opt/Tool/gcc-9.5.0/lib/gcc/x86_64-pc-linux-gnu/9.5.0/../../../../x86_64-pc-linux-gnu/bin/ld: /opt/Synopsys/verdi/Y-2026.03-SP2/share/FsdbReader/linux64/libnffr.so: undefined reference to `sysTJob_C::getThr()'
/opt/Tool/gcc-9.5.0/lib/gcc/x86_64-pc-linux-gnu/9.5.0/../../../../x86_64-pc-linux-gnu/bin/ld: /opt/Synopsys/verdi/Y-2026.03-SP2/share/FsdbReader/linux64/libnffr.so: undefined reference to `_sys_fclose'
/opt/Tool/gcc-9.5.0/lib/gcc/x86_64-pc-linux-gnu/9.5.0/../../../../x86_64-pc-linux-gnu/bin/ld: /opt/Synopsys/verdi/Y-2026.03-SP2/share/FsdbReader/linux64/libnffr.so: undefined reference to `sysHTPutAll'
/opt/Tool/gcc-9.5.0/lib/gcc/x86_64-pc-linux-gnu/9.5.0/../../../../x86_64-pc-linux-gnu/bin/ld: /opt/Synopsys/verdi/Y-2026.03-SP2/share/FsdbReader/linux64/libnffr.so: undefined reference to `sysIsInf'
/opt/Tool/gcc-9.5.0/lib/gcc/x86_64-pc-linux-gnu/9.5.0/../../../../x86_64-pc-linux-gnu/bin/ld: /opt/Synopsys/verdi/Y-2026.03-SP2/share/FsdbReader/linux64/libnffr.so: undefined reference to `sysvResHookRetrieveString'
/opt/Tool/gcc-9.5.0/lib/gcc/x86_64-pc-linux-gnu/9.5.0/../../../../x86_64-pc-linux-gnu/bin/ld: /opt/Synopsys/verdi/Y-2026.03-SP2/share/FsdbReader/linux64/libnffr.so: undefined reference to `rcFile::isRcFile(char*)'
/opt/Tool/gcc-9.5.0/lib/gcc/x86_64-pc-linux-gnu/9.5.0/../../../../x86_64-pc-linux-gnu/bin/ld: /opt/Synopsys/verdi/Y-2026.03-SP2/share/FsdbReader/linux64/libnffr.so: undefined reference to `sysOldBanner'
/opt/Tool/gcc-9.5.0/lib/gcc/x86_64-pc-linux-gnu/9.5.0/../../../../x86_64-pc-linux-gnu/bin/ld: /opt/Synopsys/verdi/Y-2026.03-SP2/share/FsdbReader/linux64/libnffr.so: undefined reference to `sysInitInMain'
/opt/Tool/gcc-9.5.0/lib/gcc/x86_64-pc-linux-gnu/9.5.0/../../../../x86_64-pc-linux-gnu/bin/ld: /opt/Synopsys/verdi/Y-2026.03-SP2/share/FsdbReader/linux64/libnffr.so: undefined reference to `sysAtExit'
/opt/Tool/gcc-9.5.0/lib/gcc/x86_64-pc-linux-gnu/9.5.0/../../../../x86_64-pc-linux-gnu/bin/ld: /opt/Synopsys/verdi/Y-2026.03-SP2/share/FsdbReader/linux64/libnffr.so: undefined reference to `sysvResGetIdAsString'
/opt/Tool/gcc-9.5.0/lib/gcc/x86_64-pc-linux-gnu/9.5.0/../../../../x86_64-pc-linux-gnu/bin/ld: /opt/Synopsys/verdi/Y-2026.03-SP2/share/FsdbReader/linux64/libnffr.so: undefined reference to `rcFileDeleteSection'
/opt/Tool/gcc-9.5.0/lib/gcc/x86_64-pc-linux-gnu/9.5.0/../../../../x86_64-pc-linux-gnu/bin/ld: /opt/Synopsys/verdi/Y-2026.03-SP2/share/FsdbReader/linux64/libnffr.so: undefined reference to `sysConsole'
/opt/Tool/gcc-9.5.0/lib/gcc/x86_64-pc-linux-gnu/9.5.0/../../../../x86_64-pc-linux-gnu/bin/ld: /opt/Synopsys/verdi/Y-2026.03-SP2/share/FsdbReader/linux64/libnffr.so: undefined reference to `gzclose'
/opt/Tool/gcc-9.5.0/lib/gcc/x86_64-pc-linux-gnu/9.5.0/../../../../x86_64-pc-linux-gnu/bin/ld: /opt/Synopsys/verdi/Y-2026.03-SP2/share/FsdbReader/linux64/libnffr.so: undefined reference to `sysvEMUMode'
/opt/Tool/gcc-9.5.0/lib/gcc/x86_64-pc-linux-gnu/9.5.0/../../../../x86_64-pc-linux-gnu/bin/ld: /opt/Synopsys/verdi/Y-2026.03-SP2/share/FsdbReader/linux64/libnffr.so: undefined reference to `sysKillProcess'
/opt/Tool/gcc-9.5.0/lib/gcc/x86_64-pc-linux-gnu/9.5.0/../../../../x86_64-pc-linux-gnu/bin/ld: /opt/Synopsys/verdi/Y-2026.03-SP2/share/FsdbReader/linux64/libnffr.so: undefined reference to `sysRandomString'
/opt/Tool/gcc-9.5.0/lib/gcc/x86_64-pc-linux-gnu/9.5.0/../../../../x86_64-pc-linux-gnu/bin/ld: /opt/Synopsys/verdi/Y-2026.03-SP2/share/FsdbReader/linux64/libnffr.so: undefined reference to `sysMakePermString_r'
/opt/Tool/gcc-9.5.0/lib/gcc/x86_64-pc-linux-gnu/9.5.0/../../../../x86_64-pc-linux-gnu/bin/ld: /opt/Synopsys/verdi/Y-2026.03-SP2/share/FsdbReader/linux64/libnffr.so: undefined reference to `sysInitPool_r'
/opt/Tool/gcc-9.5.0/lib/gcc/x86_64-pc-linux-gnu/9.5.0/../../../../x86_64-pc-linux-gnu/bin/ld: /opt/Synopsys/verdi/Y-2026.03-SP2/share/FsdbReader/linux64/libnffr.so: undefined reference to `_sys_fprintf'
/opt/Tool/gcc-9.5.0/lib/gcc/x86_64-pc-linux-gnu/9.5.0/../../../../x86_64-pc-linux-gnu/bin/ld: /opt/Synopsys/verdi/Y-2026.03-SP2/share/FsdbReader/linux64/libnffr.so: undefined reference to `_sys_write'
/opt/Tool/gcc-9.5.0/lib/gcc/x86_64-pc-linux-gnu/9.5.0/../../../../x86_64-pc-linux-gnu/bin/ld: /opt/Synopsys/verdi/Y-2026.03-SP2/share/FsdbReader/linux64/libnffr.so: undefined reference to `sysvInstDir'
/opt/Tool/gcc-9.5.0/lib/gcc/x86_64-pc-linux-gnu/9.5.0/../../../../x86_64-pc-linux-gnu/bin/ld: /opt/Synopsys/verdi/Y-2026.03-SP2/share/FsdbReader/linux64/libnffr.so: undefined reference to `sysHashUnlink'
/opt/Tool/gcc-9.5.0/lib/gcc/x86_64-pc-linux-gnu/9.5.0/../../../../x86_64-pc-linux-gnu/bin/ld: /opt/Synopsys/verdi/Y-2026.03-SP2/share/FsdbReader/linux64/libnffr.so: undefined reference to `sysError'
/opt/Tool/gcc-9.5.0/lib/gcc/x86_64-pc-linux-gnu/9.5.0/../../../../x86_64-pc-linux-gnu/bin/ld: /opt/Synopsys/verdi/Y-2026.03-SP2/share/FsdbReader/linux64/libnffr.so: undefined reference to `sysFreeArena_r'
/opt/Tool/gcc-9.5.0/lib/gcc/x86_64-pc-linux-gnu/9.5.0/../../../../x86_64-pc-linux-gnu/bin/ld: /opt/Synopsys/verdi/Y-2026.03-SP2/share/FsdbReader/linux64/libnffr.so: undefined reference to `rcFile::rcFile(char*, char*)'
/opt/Tool/gcc-9.5.0/lib/gcc/x86_64-pc-linux-gnu/9.5.0/../../../../x86_64-pc-linux-gnu/bin/ld: /opt/Synopsys/verdi/Y-2026.03-SP2/share/FsdbReader/linux64/libnffr.so: undefined reference to `rcFile::~rcFile()'
/opt/Tool/gcc-9.5.0/lib/gcc/x86_64-pc-linux-gnu/9.5.0/../../../../x86_64-pc-linux-gnu/bin/ld: /opt/Synopsys/verdi/Y-2026.03-SP2/share/FsdbReader/linux64/libnffr.so: undefined reference to `sysIsForceDisLicQ'
/opt/Tool/gcc-9.5.0/lib/gcc/x86_64-pc-linux-gnu/9.5.0/../../../../x86_64-pc-linux-gnu/bin/ld: /opt/Synopsys/verdi/Y-2026.03-SP2/share/FsdbReader/linux64/libnffr.so: undefined reference to `sysLRULseekFile'
/opt/Tool/gcc-9.5.0/lib/gcc/x86_64-pc-linux-gnu/9.5.0/../../../../x86_64-pc-linux-gnu/bin/ld: /opt/Synopsys/verdi/Y-2026.03-SP2/share/FsdbReader/linux64/libnffr.so: undefined reference to `sysCloneString_r'
/opt/Tool/gcc-9.5.0/lib/gcc/x86_64-pc-linux-gnu/9.5.0/../../../../x86_64-pc-linux-gnu/bin/ld: /opt/Synopsys/verdi/Y-2026.03-SP2/share/FsdbReader/linux64/libnffr.so: undefined reference to `sysMallopt_r'
/opt/Tool/gcc-9.5.0/lib/gcc/x86_64-pc-linux-gnu/9.5.0/../../../../x86_64-pc-linux-gnu/bin/ld: /opt/Synopsys/verdi/Y-2026.03-SP2/share/FsdbReader/linux64/libnffr.so: undefined reference to `sysInfo'
/opt/Tool/gcc-9.5.0/lib/gcc/x86_64-pc-linux-gnu/9.5.0/../../../../x86_64-pc-linux-gnu/bin/ld: /opt/Synopsys/verdi/Y-2026.03-SP2/share/FsdbReader/linux64/libnffr.so: undefined reference to `sysLRUOpenFile'
/opt/Tool/gcc-9.5.0/lib/gcc/x86_64-pc-linux-gnu/9.5.0/../../../../x86_64-pc-linux-gnu/bin/ld: /opt/Synopsys/verdi/Y-2026.03-SP2/share/FsdbReader/linux64/libnffr.so: undefined reference to `rcFileDeleteKey'
/opt/Tool/gcc-9.5.0/lib/gcc/x86_64-pc-linux-gnu/9.5.0/../../../../x86_64-pc-linux-gnu/bin/ld: /opt/Synopsys/verdi/Y-2026.03-SP2/share/FsdbReader/linux64/libnffr.so: undefined reference to `rcFile::save(char)'
/opt/Tool/gcc-9.5.0/lib/gcc/x86_64-pc-linux-gnu/9.5.0/../../../../x86_64-pc-linux-gnu/bin/ld: /opt/Synopsys/verdi/Y-2026.03-SP2/share/FsdbReader/linux64/libnffr.so: undefined reference to `sysExecUpdateParamList'
/opt/Tool/gcc-9.5.0/lib/gcc/x86_64-pc-linux-gnu/9.5.0/../../../../x86_64-pc-linux-gnu/bin/ld: /opt/Synopsys/verdi/Y-2026.03-SP2/share/FsdbReader/linux64/libnffr.so: undefined reference to `sysSetConfigPath'
/opt/Tool/gcc-9.5.0/lib/gcc/x86_64-pc-linux-gnu/9.5.0/../../../../x86_64-pc-linux-gnu/bin/ld: /opt/Synopsys/verdi/Y-2026.03-SP2/share/FsdbReader/linux64/libnffr.so: undefined reference to `sysAtAbort'
/opt/Tool/gcc-9.5.0/lib/gcc/x86_64-pc-linux-gnu/9.5.0/../../../../x86_64-pc-linux-gnu/bin/ld: /opt/Synopsys/verdi/Y-2026.03-SP2/share/FsdbReader/linux64/libnffr.so: undefined reference to `sysIsEmulationModeRequested'
/opt/Tool/gcc-9.5.0/lib/gcc/x86_64-pc-linux-gnu/9.5.0/../../../../x86_64-pc-linux-gnu/bin/ld: /opt/Synopsys/verdi/Y-2026.03-SP2/share/FsdbReader/linux64/libnffr.so: undefined reference to `sysIdleHook'
/opt/Tool/gcc-9.5.0/lib/gcc/x86_64-pc-linux-gnu/9.5.0/../../../../x86_64-pc-linux-gnu/bin/ld: /opt/Synopsys/verdi/Y-2026.03-SP2/share/FsdbReader/linux64/libnffr.so: undefined reference to `rcFile::hasSection(char*)'
/opt/Tool/gcc-9.5.0/lib/gcc/x86_64-pc-linux-gnu/9.5.0/../../../../x86_64-pc-linux-gnu/bin/ld: /opt/Synopsys/verdi/Y-2026.03-SP2/share/FsdbReader/linux64/libnffr.so: undefined reference to `sysvResHookRetrieveLevel'
/opt/Tool/gcc-9.5.0/lib/gcc/x86_64-pc-linux-gnu/9.5.0/../../../../x86_64-pc-linux-gnu/bin/ld: /opt/Synopsys/verdi/Y-2026.03-SP2/share/FsdbReader/linux64/libnffr.so: undefined reference to `sysIsFeatAvailable'
/opt/Tool/gcc-9.5.0/lib/gcc/x86_64-pc-linux-gnu/9.5.0/../../../../x86_64-pc-linux-gnu/bin/ld: /opt/Synopsys/verdi/Y-2026.03-SP2/share/FsdbReader/linux64/libnffr.so: undefined reference to `sysGetLicProductName'
/opt/Tool/gcc-9.5.0/lib/gcc/x86_64-pc-linux-gnu/9.5.0/../../../../x86_64-pc-linux-gnu/bin/ld: /opt/Synopsys/verdi/Y-2026.03-SP2/share/FsdbReader/linux64/libnffr.so: undefined reference to `sysIsSameFloat'
/opt/Tool/gcc-9.5.0/lib/gcc/x86_64-pc-linux-gnu/9.5.0/../../../../x86_64-pc-linux-gnu/bin/ld: /opt/Synopsys/verdi/Y-2026.03-SP2/share/FsdbReader/linux64/libnffr.so: undefined reference to `sysvResHookRetrieveData'
/opt/Tool/gcc-9.5.0/lib/gcc/x86_64-pc-linux-gnu/9.5.0/../../../../x86_64-pc-linux-gnu/bin/ld: /opt/Synopsys/verdi/Y-2026.03-SP2/share/FsdbReader/linux64/libnffr.so: undefined reference to `sysCoreGetCount'
/opt/Tool/gcc-9.5.0/lib/gcc/x86_64-pc-linux-gnu/9.5.0/../../../../x86_64-pc-linux-gnu/bin/ld: /opt/Synopsys/verdi/Y-2026.03-SP2/share/FsdbReader/linux64/libnffr.so: undefined reference to `sysInfoSuppress'
/opt/Tool/gcc-9.5.0/lib/gcc/x86_64-pc-linux-gnu/9.5.0/../../../../x86_64-pc-linux-gnu/bin/ld: /opt/Synopsys/verdi/Y-2026.03-SP2/share/FsdbReader/linux64/libnffr.so: undefined reference to `sysPipeExec'
/opt/Tool/gcc-9.5.0/lib/gcc/x86_64-pc-linux-gnu/9.5.0/../../../../x86_64-pc-linux-gnu/bin/ld: /opt/Synopsys/verdi/Y-2026.03-SP2/share/FsdbReader/linux64/libnffr.so: undefined reference to `sysTime'
/opt/Tool/gcc-9.5.0/lib/gcc/x86_64-pc-linux-gnu/9.5.0/../../../../x86_64-pc-linux-gnu/bin/ld: /opt/Synopsys/verdi/Y-2026.03-SP2/share/FsdbReader/linux64/libnffr.so: undefined reference to `rcFileSave'
/opt/Tool/gcc-9.5.0/lib/gcc/x86_64-pc-linux-gnu/9.5.0/../../../../x86_64-pc-linux-gnu/bin/ld: /opt/Synopsys/verdi/Y-2026.03-SP2/share/FsdbReader/linux64/libnffr.so: undefined reference to `ffCmpSetInBufPtrSz'
/opt/Tool/gcc-9.5.0/lib/gcc/x86_64-pc-linux-gnu/9.5.0/../../../../x86_64-pc-linux-gnu/bin/ld: /opt/Synopsys/verdi/Y-2026.03-SP2/share/FsdbReader/linux64/libnffr.so: undefined reference to `sysENV_LICENSE_QUEUE'
/opt/Tool/gcc-9.5.0/lib/gcc/x86_64-pc-linux-gnu/9.5.0/../../../../x86_64-pc-linux-gnu/bin/ld: /opt/Synopsys/verdi/Y-2026.03-SP2/share/FsdbReader/linux64/libnffr.so: undefined reference to `sysIdentifyName'
/opt/Tool/gcc-9.5.0/lib/gcc/x86_64-pc-linux-gnu/9.5.0/../../../../x86_64-pc-linux-gnu/bin/ld: /opt/Synopsys/verdi/Y-2026.03-SP2/share/FsdbReader/linux64/libnffr.so: undefined reference to `sysGetenv'
/opt/Tool/gcc-9.5.0/lib/gcc/x86_64-pc-linux-gnu/9.5.0/../../../../x86_64-pc-linux-gnu/bin/ld: /opt/Synopsys/verdi/Y-2026.03-SP2/share/FsdbReader/linux64/libnffr.so: undefined reference to `sysGetVersion'
/opt/Tool/gcc-9.5.0/lib/gcc/x86_64-pc-linux-gnu/9.5.0/../../../../x86_64-pc-linux-gnu/bin/ld: /opt/Synopsys/verdi/Y-2026.03-SP2/share/FsdbReader/linux64/libnffr.so: undefined reference to `rcFileSaveFlush'
/opt/Tool/gcc-9.5.0/lib/gcc/x86_64-pc-linux-gnu/9.5.0/../../../../x86_64-pc-linux-gnu/bin/ld: /opt/Synopsys/verdi/Y-2026.03-SP2/share/FsdbReader/linux64/libnffr.so: undefined reference to `sysVmMalloc_r'
/opt/Tool/gcc-9.5.0/lib/gcc/x86_64-pc-linux-gnu/9.5.0/../../../../x86_64-pc-linux-gnu/bin/ld: /opt/Synopsys/verdi/Y-2026.03-SP2/share/FsdbReader/linux64/libnffr.so: undefined reference to `sysvLicDebug'
/opt/Tool/gcc-9.5.0/lib/gcc/x86_64-pc-linux-gnu/9.5.0/../../../../x86_64-pc-linux-gnu/bin/ld: /opt/Synopsys/verdi/Y-2026.03-SP2/share/FsdbReader/linux64/libnffr.so: undefined reference to `sysVmRealloc_r'
collect2: error: ld returned 1 exit status
